// Jest Snapshot v1, https://goo.gl/fbAQLP

exports[`ListItem should render list item 1`] = `
<Fragment>
  <Bootstrap(Table)
    bordered={true}
    className="wrapper"
    hover={true}
    striped={true}
  >
    <thead>
      <tr>
        <th>
          #
        </th>
        <th>
          City
        </th>
        <th>
          Average temperature
        </th>
        <th />
      </tr>
    </thead>
    <tbody>
      <Listitem
        handleDelete={[MockFunction]}
        index={0}
        item={
          Object {
            "city": "Rzesz처w",
            "lat": 31.165,
            "lon": 21.276,
            "temp": 25,
          }
        }
        key="0"
        unit="metric"
      />
    </tbody>
  </Bootstrap(Table)>
</Fragment>
`;

exports[`renders correctly 1`] = `
<table
  className="table wrapper table-striped table-bordered table-hover"
>
  <thead>
    <tr>
      <th>
        #
      </th>
      <th>
        City
      </th>
      <th>
        Average temperature
      </th>
      <th />
    </tr>
  </thead>
  <tbody>
    <tr
      className="wrapper"
    >
      <td>
        1
      </td>
      <td>
        <a
          href="/itemview/Rzesz처w"
          onClick={[Function]}
        >
          Rzesz처w
        </a>
      </td>
      <td>
        25
         
        <span>
          째C
        </span>
      </td>
      <td>
        <button
          className="button btn btn-outline-danger"
          disabled={false}
          onClick={[Function]}
          type="button"
        >
          <span
            aria-hidden={true}
            className="fa fa-remove"
          />
          Delete
        </button>
      </td>
    </tr>
  </tbody>
</table>
`;
