// Jest Snapshot v1, https://goo.gl/fbAQLP

exports[`SettingsView should render list item 1`] = `
<ContextConsumer>
  <Component />
</ContextConsumer>
`;
